Last login: Mon Jun 10 07:10:51 on ttys012
shoeiok@okadasusumueis-MacBook-Air ~ % mkdir git_challenge
shoeiok@okadasusumueis-MacBook-Air ~ % cd git_challenge
shoeiok@okadasusumueis-MacBook-Air git_challenge % git init
Initialized empty Git repository in /Users/shoeiok/git_challenge/.git/
shoeiok@okadasusumueis-MacBook-Air git_challenge % git add hello_world.txt
fatal: pathspec 'hello_world.txt' did not match any files
shoeiok@okadasusumueis-MacBook-Air git_challenge % git add hello_world.txt
fatal: pathspec 'hello_world.txt' did not match any files
shoeiok@okadasusumueis-MacBook-Air git_challenge % mkdir hello_world.txt
shoeiok@okadasusumueis-MacBook-Air git_challenge % git add hello_world.txt
shoeiok@okadasusumueis-MacBook-Air git_challenge % mkdir hello_world.txt
mkdir: hello_world.txt: File exists
shoeiok@okadasusumueis-MacBook-Air git_challenge % mkdir hello_word2.txt
shoeiok@okadasusumueis-MacBook-Air git_challenge % touch hello_world.txt
shoeiok@okadasusumueis-MacBook-Air git_challenge % 
shoeiok@okadasusumueis-MacBook-Air git_challenge % ls
hello_world.txt
shoeiok@okadasusumueis-MacBook-Air git_challenge % touch hello_world.txt
shoeiok@okadasusumueis-MacBook-Air git_challenge % gir add hello_world.txt
zsh: command not found: gir
shoeiok@okadasusumueis-MacBook-Air git_challenge % git add hello_world.txt
shoeiok@okadasusumueis-MacBook-Air git_challenge % git commit -m "一度目"
[main (root-commit) 408d1d8] 一度目
 1 file changed, 1 insertion(+)
 create mode 100644 hello_world.txt
shoeiok@okadasusumueis-MacBook-Air git_challenge % git status
On branch main
Untracked files:
  (use "git add <file>..." to include in what will be committed)
	.DS_Store

nothing added to commit but untracked files present (use "git add" to track)
shoeiok@okadasusumueis-MacBook-Air git_challenge % git log --oneline
408d1d8 (HEAD -> main) 一度目
shoeiok@okadasusumueis-MacBook-Air git_challenge % git status
On branch main
Changes not staged for commit:
  (use "git add <file>..." to update what will be committed)
  (use "git restore <file>..." to discard changes in working directory)
	modified:   hello_world.txt

Untracked files:
  (use "git add <file>..." to include in what will be committed)
	.DS_Store

no changes added to commit (use "git add" and/or "git commit -a")
shoeiok@okadasusumueis-MacBook-Air git_challenge % git add hello_world.txt
shoeiok@okadasusumueis-MacBook-Air git_challenge % git commit -m "２回目"
[main 03fc0df] ２回目
 1 file changed, 2 insertions(+), 1 deletion(-)
shoeiok@okadasusumueis-MacBook-Air git_challenge % git commit -m "3回目"
On branch main
Changes not staged for commit:
  (use "git add <file>..." to update what will be committed)
  (use "git restore <file>..." to discard changes in working directory)
	modified:   hello_world.txt

Untracked files:
  (use "git add <file>..." to include in what will be committed)
	.DS_Store

no changes added to commit (use "git add" and/or "git commit -a")
shoeiok@okadasusumueis-MacBook-Air git_challenge % git add hello_world.txt
shoeiok@okadasusumueis-MacBook-Air git_challenge % git commit -m "3回目"
[main cfc2d90] 3回目
 1 file changed, 1 insertion(+)
shoeiok@okadasusumueis-MacBook-Air git_challenge % git diff --staged
shoeiok@okadasusumueis-MacBook-Air git_challenge % git log
commit cfc2d90e11e17a12e7b41df41a7368285592d1fb (HEAD -> main)
Author: Okada Shoei <lpu.the.stoh@gmail.com>
Date:   Tue Jun 11 15:38:47 2024 +0900

    3回目

commit 03fc0df9e29d725d72cca783e14a80a1eefbc5e8
Author: Okada Shoei <lpu.the.stoh@gmail.com>
Date:   Tue Jun 11 15:31:20 2024 +0900

    ２回目

commit 408d1d8954073e733b8de98213e2839168c0d5ce
Author: Okada Shoei <lpu.the.stoh@gmail.com>
Date:   Tue Jun 11 15:27:53 2024 +0900

    一度目
shoeiok@okadasusumueis-MacBook-Air git_challenge % git log --oneline
cfc2d90 (HEAD -> main) 3回目
03fc0df ２回目
408d1d8 一度目
shoeiok@okadasusumueis-MacBook-Air git_challenge % mkdir kadai_005
shoeiok@okadasusumueis-MacBook-Air git_challenge % touch kadai_005.txt
shoeiok@okadasusumueis-MacBook-Air git_challenge % cd
shoeiok@okadasusumueis-MacBook-Air ~ % mkdir kadai_005
shoeiok@okadasusumueis-MacBook-Air ~ % touch kadai_005.txt
shoeiok@okadasusumueis-MacBook-Air ~ % cd kadai_005.txt
cd: not a directory: kadai_005.txt
shoeiok@okadasusumueis-MacBook-Air ~ % touch kadai_005.txt
shoeiok@okadasusumueis-MacBook-Air ~ % cd kadai_005
shoeiok@okadasusumueis-MacBook-Air kadai_005 % touch kadai_005.txt
shoeiok@okadasusumueis-MacBook-Air kadai_005 % 